<html>
<body>
<pre>
<h1>µVision Build Log</h1>
<h2>Tool Versions:</h2>
IDE-Version: £gVision V5.31.0.0
Copyright (C) 2020 ARM Ltd and ARM Germany GmbH. All rights reserved.
License Information: 1 asus, 1, LIC=32B1Q-NJRBF-RA5DM-XU41D-APN1W-W2Z27
 
Tool Versions:
Toolchain:       MDK-ARM Plus  Version: 5.31.0.0
Toolchain Path:  C:\Keil_v5\ARM\ARMCC\Bin
C Compiler:      Armcc.exe V5.06 update 6 (build 750)
Assembler:       Armasm.exe V5.06 update 6 (build 750)
Linker/Locator:  ArmLink.exe V5.06 update 6 (build 750)
Library Manager: ArmAr.exe V5.06 update 6 (build 750)
Hex Converter:   FromElf.exe V5.06 update 6 (build 750)
CPU DLL:         SARMCM3.DLL V5.31.0.0
Dialog DLL:      DARMCM1.DLL V1.19.3.0
Target DLL:      STLink\ST-LINKIII-KEIL_SWO.dll V3.0.7.0
Dialog DLL:      TARMCM1.DLL V1.14.2.0
 
<h2>Project:</h2>
D:\ARM\STM32\48\Project\MDK-ARM\NTSC48t_SFW_Final.uvprojx
Project File Date:  10/21/2021

<h2>Output:</h2>
*** Using Compiler 'V5.06 update 6 (build 750)', folder: 'C:\Keil_v5\ARM\ARMCC\Bin'
Rebuild target 'NTSC48t_SFW_Final'
assembling startup_stm32l052xx.s...
compiling rtc.c...
compiling adc.c...
compiling gpio.c...
compiling stm32l0xx_hal_msp.c...
compiling stm32l0xx_it.c...
compiling tim.c...
compiling main.c...
../Src/main.c(106): warning:  #223-D: function "OLED_Start_Page_PageAddressing" declared implicitly
  		OLED_Start_Page_PageAddressing(0);
../Src/main.c(107): warning:  #223-D: function "OLED_Start_Column_PageAddressing" declared implicitly
  		OLED_Start_Column_PageAddressing(0);
../Src/main.c(116): warning:  #223-D: function "OLED_ShowRomString" declared implicitly
  		OLED_ShowRomString(2,str);
../Src/main.c(122): warning:  #223-D: function "OLED_ShowRomString" declared implicitly
  		OLED_ShowRomString(0,"NTSC_48T: Electronics");
../Src/main.c(151): warning:  #223-D: function "OLED_Start_Page_PageAddressing" declared implicitly
  		OLED_Start_Page_PageAddressing(0);
../Src/main.c(152): warning:  #223-D: function "OLED_Start_Column_PageAddressing" declared implicitly
  		OLED_Start_Column_PageAddressing(0);
../Src/main.c(154): warning:  #223-D: function "OLED_ShowRomString" declared implicitly
  		OLED_ShowRomString(6,"Relay1: OFF");
../Src/main.c(160): warning:  #223-D: function "OLED_ShowRomString" declared implicitly
  		OLED_ShowRomString(0,"Power GenEration Info");
../Src/main.c(225): warning:  #223-D: function "OLED_Start_Page_PageAddressing" declared implicitly
  		OLED_Start_Page_PageAddressing(0);
../Src/main.c(226): warning:  #223-D: function "OLED_Start_Column_PageAddressing" declared implicitly
  		OLED_Start_Column_PageAddressing(0);
../Src/main.c(228): warning:  #223-D: function "OLED_ShowLogo" declared implicitly
  		OLED_ShowLogo();
../Src/main.c(233): warning:  #223-D: function "OLED_Start_Page_PageAddressing" declared implicitly
  	OLED_Start_Page_PageAddressing(0);
../Src/main.c(234): warning:  #223-D: function "OLED_Start_Column_PageAddressing" declared implicitly
  	OLED_Start_Column_PageAddressing(0);
../Src/main.c(236): warning:  #223-D: function "OLED_ShowRomChar" declared implicitly
  	while(str[i]!='\0') OLED_ShowRomChar(str[i++]);
../Src/main.c(245): warning:  #223-D: function "OLED_ShowRomChar" declared implicitly
  			while(i<10) OLED_ShowRomChar(stt[2][i++]);
../Src/main.c(250): warning:  #223-D: function "OLED_ShowRomChar" declared implicitly
  			while(i<10) OLED_ShowRomChar(stt[4][i++]);
../Src/main.c(255): warning:  #223-D: function "OLED_ShowRomChar" declared implicitly
  			while(i<10) OLED_ShowRomChar(stt[8][i++]);
../Src/main.c(260): warning:  #223-D: function "OLED_ShowRomChar" declared implicitly
  			while(i<10) OLED_ShowRomChar(stt[6][i++]);
../Src/main.c(265): warning:  #223-D: function "OLED_ShowRomChar" declared implicitly
  			while(i<10) OLED_ShowRomChar(stt[3][i++]);
../Src/main.c(270): warning:  #223-D: function "OLED_ShowRomChar" declared implicitly
  			while(i<10) OLED_ShowRomChar(stt[1][i++]);
../Src/main.c(275): warning:  #223-D: function "OLED_ShowRomChar" declared implicitly
  			while(i<10) OLED_ShowRomChar(stt[7][i++]);
../Src/main.c(280): warning:  #223-D: function "OLED_ShowRomChar" declared implicitly
  			while(i<10) OLED_ShowRomChar(stt[5][i++]);
../Src/main.c(285): warning:  #223-D: function "OLED_ShowRomChar" declared implicitly
  			while(i<10) OLED_ShowRomChar(stt[0][i++]);
../Src/main.c(298): warning:  #186-D: pointless comparison of unsigned integer with zero
  				if(nnn<0) nnn=8;
../Src/main.c(310): warning:  #186-D: pointless comparison of unsigned integer with zero
  					if(nnn<0) nnn=8;
../Src/main.c(326): warning:  #186-D: pointless comparison of unsigned integer with zero
  				if(nii<0) nii=8;
../Src/main.c(342): warning:  #223-D: function "OLED_ShowRomChar" declared implicitly
  			OLED_ShowRomChar('N');
../Src/main.c(349): warning:  #223-D: function "OLED_ShowRomChar" declared implicitly
  			OLED_ShowRomChar(' ');
../Src/main.c(356): warning:  #223-D: function "OLED_ShowRomChar" declared implicitly
  			OLED_ShowRomChar(' ');
../Src/main.c(447): warning:  #223-D: function "OLED_Init" declared implicitly
  	OLED_Init();
../Src/main.c: 30 warnings, 0 errors
compiling stm32l0xx_hal_adc.c...
compiling stm32l0xx_hal_tim_ex.c...
compiling stm32l0xx_hal_rtc_ex.c...
compiling stm32l0xx_hal_adc_ex.c...
compiling stm32l0xx_hal_rtc.c...
compiling stm32l0xx_hal.c...
compiling stm32l0xx_hal_tim.c...
compiling stm32l0xx_hal_i2c_ex.c...
compiling stm32l0xx_hal_rcc.c...
compiling stm32l0xx_hal_flash_ramfunc.c...
compiling stm32l0xx_hal_flash.c...
compiling stm32l0xx_hal_flash_ex.c...
compiling stm32l0xx_hal_i2c.c...
compiling stm32l0xx_hal_rcc_ex.c...
compiling stm32l0xx_hal_gpio.c...
compiling stm32l0xx_hal_cortex.c...
compiling system_stm32l0xx.c...
compiling stm32l0xx_hal_pwr.c...
compiling stm32l0xx_hal_pwr_ex.c...
compiling stm32l0xx_hal_dma.c...
linking...
Program Size: Code=14704 RO-data=1748 RW-data=148 ZI-data=1268  
FromELF: creating hex file...
"NTSC48t_SFW_Final\NTSC48t_SFW_Final.axf" - 0 Error(s), 30 Warning(s).

<h2>Software Packages used:</h2>

Package Vendor: ARM
                http://www.keil.com/pack/ARM.CMSIS.5.7.0.pack
                ARM.CMSIS.5.7.0
                CMSIS (Cortex Microcontroller Software Interface Standard)
   * Component: CORE Version: 5.4.0

Package Vendor: Keil
                http://www.keil.com/pack/Keil.STM32L0xx_DFP.2.1.0.pack
                Keil.STM32L0xx_DFP.2.1.0
                STMicroelectronics STM32L0 Series Device Support, Drivers and Examples

<h2>Collection of Component include folders:</h2>
  .\RTE\_NTSC48t_SFW_Final
  C:\Users\asus\AppData\Local\Arm\Packs\ARM\CMSIS\5.7.0\CMSIS\Core\Include
  C:\Users\asus\AppData\Local\Arm\Packs\Keil\STM32L0xx_DFP\2.1.0\Drivers\CMSIS\Device\ST\STM32L0xx\Include

<h2>Collection of Component Files used:</h2>

   * Component: ARM::CMSIS:CORE:5.4.0
Build Time Elapsed:  00:00:10
</pre>
</body>
</html>
